<html>
<body>
<pre>
<h1>µVision Build Log</h1>
<h2>Project:</h2>
D:\project\Tiva_GPS.uvproj
Project File Date:  06/01/2021

<h2>Output:</h2>
Build target 'Target 1'
compiling main.c...
Tiva\measure_distance.h(10): warning:  #1-D: last line of file ends without a newline
  double getDistance(double lat1, double lon1, double lat2, double lon2);
Tiva\main.c(26): warning:  #1295-D: Deprecated declaration readGPSModule - give arg types
  void readGPSModule();
Tiva\main.c(211): warning:  #550-D: variable "guncelSaat" was set but never used
      char c0,GPSValues[100],latitudeResult[10],longitudeResult[10],parseValue[12][20],*token,tarih[9],*saat,guncelSaat[9];
Tiva\main.c: 3 warnings, 0 errors
linking...
Program Size: Code=20284 RO-data=1476 RW-data=12 ZI-data=6276  
".\Tiva_GPS.axf" - 0 Error(s), 3 Warning(s).
Load "D:\\project\\Tiva_GPS.axf" 
Connecting: Mode=JTAG, Speed=1000000Hz
Erase Done.
Programming Done.
Verify OK.
 0 Error(s), 4 Warning(s).
Load "D:\\project\\Tiva_GPS.axf" 
Connecting: Mode=JTAG, Speed=1000000Hz
Erase Done.
Programming Done.
Verify OK.
ramming Done.
Verify OK.
 0 Error(s), 5 Warning(s).
Load "D:\\project\\Tiva_GPS.axf" 
Connecting: Mode=JTAG, Speed=1000000Hz
Erase Done.
Programming Done.
Verify OK.
rseValue[12][20],*token,tarih[9],*saat,guncelSaat[9];
Tiva\main.c: 3 warnings, 2 errors
".\Tiva_GPS.axf" - 2 Error(s), 3 Warning(s).
Target not created
oad "D:\\project\\Tiva_GPS.axf" 
Connecting: Mode=JTAG, Speed=1000000Hz
Erase Done.
Programming Done.
Verify OK.
